// Jest Snapshot v1, https://goo.gl/fbAQLP

exports[`<Activities /> with props should match the snapshot 1`] = `"<div class=\\"activities activities-0-2-1\\"><div class=\\"row-0-2-2 row head\\"><div class=\\"cell-0-2-3 col col-1\\"></div><div class=\\"cell-0-2-3 col col-2\\">Activity Name</div><div class=\\"cell-0-2-3 col col-3\\">COVID Friendly</div><div class=\\"cell-0-2-3 col col-4\\">Times Performed</div></div><div class=\\"row-0-2-2 row row-0\\"><div class=\\"cell-0-2-3 col col-1\\"><input type=\\"checkbox\\" name=\\"activity-1\\" id=\\"activity-1\\"/></div><div class=\\"cell-0-2-3 col col-2\\">Netflix &amp; Chill</div><div class=\\"cell-0-2-3 col col-3\\">Yes</div><div class=\\"cell-0-2-3 col col-4\\">50</div></div><div class=\\"row-0-2-2 row row-1\\"><div class=\\"cell-0-2-3 col col-1\\"><input type=\\"checkbox\\" name=\\"activity-2\\" id=\\"activity-2\\"/></div><div class=\\"cell-0-2-3 col col-2\\">Birthdate in a restaurant</div><div class=\\"cell-0-2-3 col col-3\\">No</div><div class=\\"cell-0-2-3 col col-4\\">0</div></div><div class=\\"row-0-2-2 row row-2\\"><div class=\\"cell-0-2-3 col col-1\\"><input type=\\"checkbox\\" name=\\"activity-3\\" id=\\"activity-3\\"/></div><div class=\\"cell-0-2-3 col col-2\\">Vacations in Hawaii</div><div class=\\"cell-0-2-3 col col-3\\">No</div><div class=\\"cell-0-2-3 col col-4\\">1</div></div><div class=\\"row-0-2-2 row row-3\\"><div class=\\"cell-0-2-3 col col-1\\"><input type=\\"checkbox\\" name=\\"activity-4\\" id=\\"activity-4\\"/></div><div class=\\"cell-0-2-3 col col-2\\">Becoming Maria Kondo</div><div class=\\"cell-0-2-3 col col-3\\">Yes</div><div class=\\"cell-0-2-3 col col-4\\">2</div></div></div>"`;

exports[`<Activities /> without props should match the snapshot 1`] = `"<div class=\\"activities activities-0-2-1\\"><div class=\\"row-0-2-2 row head\\"><div class=\\"cell-0-2-3 col col-1\\"></div><div class=\\"cell-0-2-3 col col-2\\">Activity Name</div><div class=\\"cell-0-2-3 col col-3\\">COVID Friendly</div><div class=\\"cell-0-2-3 col col-4\\">Times Performed</div></div></div>"`;
